Microchip MPLAB XC8 Compiler V2.31

Linker command line:

-W-3 --edf=C:\Program Files\Microchip\xc8\v2.31\pic\dat\en_msgs.txt -cn \
  -h+dist/default/production\Maestro_Proyecto.X.production.sym \
  --cmf=dist/default/production\Maestro_Proyecto.X.production.cmf -z \
  -Q16F887 -oC:\Users\acer\AppData\Local\Temp\si64.2 \
  --defsym=__MPLAB_BUILD=1 \
  -Mdist/default/production/Maestro_Proyecto.X.production.map -E1 \
  -ver=XC8 Compiler --acfsm=1493 -ASTACK=0110h-016Fh -pstack=STACK \
  -ACODE=00h-07FFhx4 -ASTRCODE=00h-01FFFh -ASTRING=00h-0FFhx32 \
  -ACONST=00h-0FFhx32 -AENTRY=00h-0FFhx32 -ACOMMON=070h-07Fh \
  -ABANK0=020h-06Fh -ABANK1=0A0h-0EFh -ABANK2=0110h-016Fh \
  -ABANK3=0190h-01EFh -ARAM=020h-06Fh,0A0h-0EFh,0110h-016Fh,0190h-01EFh \
  -AABS1=020h-07Fh,0A0h-0EFh,0110h-016Fh,0190h-01EFh -ASFR0=00h-01Fh \
  -ASFR1=080h-09Fh -ASFR2=0100h-010Fh -ASFR3=0180h-018Fh \
  -ACONFIG=02007h-02008h -DCONFIG=2 -AIDLOC=02000h-02003h -DIDLOC=2 \
  -AEEDATA=00h-0FFh/02100h -peeprom_data=EEDATA -DEEDATA=2 -DCODE=2 \
  -DSTRCODE=2 -DSTRING=2 -DCONST=2 -DENTRY=2 \
  -preset_vec=00h,intentry=04h,init,end_init -ppowerup=CODE -pcinit=CODE \
  -pfunctab=ENTRY -k C:\Users\acer\AppData\Local\Temp\si64.o \
  dist/default/production\Maestro_Proyecto.X.production.o 

Object code version is 3.11

Machine type is 16F887



                Name                               Link     Load   Length Selector   Space Scale
C:\Users\acer\AppData\Local\Temp\si64.o
                end_init                              C        C        3        8       0
                reset_vec                             0        0        3        0       0
                config                             2007     2007        2        0       4
dist/default/production\Maestro_Proyecto.X.production.o
                cinit                                 F        F       17        8       0
                intentry                              4        4        8        8       0
                config                             2007     2007        2        0       4
                text40                             19F3     19F3       26     33E6       0
                text39                             1975     1975       14     32EA       0
                text38                             1A72     1A72       35     34E4       0
                text37                             19AA     19AA       24     3354       0
                text36                             1954     1954        F     32A8       0
                text35                             1B19     1B19       42     3632       0
                text34                             1947     1947        D     328E       0
                text33                              7D0      7D0       2E        8       0
                text32                             191F     191F        9     323E       0
                text31                             10F2     10F2        9     21E4       0
                text30                             1928     1928        A     3250       0
                text29                             125D     125D      10E     24BA       0
                text28                             1D3A     1D3A       68     3A74       0
                text27                             1AA7     1AA7       38     354E       0
                text26                              803      803       15     1006       0
                text25                             1A40     1A40       32     3480       0
                text24                             1932     1932        A     3264       0
                text23                             1989     1989       21     3312       0
                text22                             1BEB     1BEB       50     37D6       0
                text21                             10FB     10FB       A4     21F6       0
                text20                             193C     193C        B     3278       0
                text19                             1578     1578      288     2AF0       0
                text18                             1C3B     1C3B       50     3876       0
                text17                             1E0B     1E0B       7C     3C16       0
                text16                             1C8B     1C8B       56     3916       0
                text15                             19CE     19CE       25     339C       0
                text14                             1E87     1E87       BC     3D0E       0
                text13                             119F     119F       BE     233E       0
                text12                             1F43     1F43       BD     3E86       0
                text11                             1A19     1A19       27     3432       0
                text10                              93C      93C      361     1278       0
                text9                              1B5B     1B5B       46     36B6       0
                text8                              1ADF     1ADF       3A     35BE       0
                text7                              136B     136B      20D     26D6       0
                text6                              1963     1963       12     32C6       0
                text5                              1DA2     1DA2       69     3B44       0
                text4                              1CE1     1CE1       59     39C2       0
                text3                               C9D      C9D      363     193A       0
                text2                                26       26      7AA        8       0
                text1                              1BA1     1BA1       4A     3742       0
                maintext                            818      818      124     1030       0
                cstackBANK0                          20       20       50       20       1
                cstackCOMMON                         70       70        B       70       1
                cstackBANK1                          A0       A0       28       A0       1
                clrtext                            1917     1917        8     322E       0
                bssBANK3                            190      190       14      190       1
                bssBANK1                             C8       C8       1B       A0       1
                bssCOMMON                            7B       7B        1       70       1
                strings                            1000     1000       F2     2000       0

TOTAL           Name                               Link     Load   Length     Space
        CLASS   STACK          

        CLASS   CODE           
                end_init                              C        C        3         0
                cinit                                 F        F       17         0
                intentry                              4        4        8         0
                reset_vec                             0        0        3         0
                text40                             19F3     19F3       26         0
                text39                             1975     1975       14         0
                text38                             1A72     1A72       35         0
                text37                             19AA     19AA       24         0
                text36                             1954     1954        F         0
                text35                             1B19     1B19       42         0
                text34                             1947     1947        D         0
                text33                              7D0      7D0       2E         0
                text32                             191F     191F        9         0
                text31                             10F2     10F2        9         0
                text30                             1928     1928        A         0
                text29                             125D     125D      10E         0
                text28                             1D3A     1D3A       68         0
                text27                             1AA7     1AA7       38         0
                text26                              803      803       15         0
                text25                             1A40     1A40       32         0
                text24                             1932     1932        A         0
                text23                             1989     1989       21         0
                text22                             1BEB     1BEB       50         0
                text21                             10FB     10FB       A4         0
                text20                             193C     193C        B         0
                text19                             1578     1578      288         0
                text18                             1C3B     1C3B       50         0
                text17                             1E0B     1E0B       7C         0
                text16                             1C8B     1C8B       56         0
                text15                             19CE     19CE       25         0
                text14                             1E87     1E87       BC         0
                text13                             119F     119F       BE         0
                text12                             1F43     1F43       BD         0
                text11                             1A19     1A19       27         0
                text10                              93C      93C      361         0
                text9                              1B5B     1B5B       46         0
                text8                              1ADF     1ADF       3A         0
                text7                              136B     136B      20D         0
                text6                              1963     1963       12         0
                text5                              1DA2     1DA2       69         0
                text4                              1CE1     1CE1       59         0
                text3                               C9D      C9D      363         0
                text2                                26       26      7AA         0
                text1                              1BA1     1BA1       4A         0
                maintext                            818      818      124         0
                clrtext                            1917     1917        8         0

        CLASS   STRCODE        

        CLASS   STRING         
                strings                            1000     1000       F2         0

        CLASS   CONST          

        CLASS   ENTRY          

        CLASS   COMMON         
                cstackCOMMON                         70       70        B         1
                bssCOMMON                            7B       7B        1         1

        CLASS   BANK0          
                cstackBANK0                          20       20       50         1

        CLASS   BANK1          
                cstackBANK1                          A0       A0       28         1
                bssBANK1                             C8       C8       1B         1

        CLASS   BANK2          

        CLASS   BANK3          
                bssBANK3                            190      190       14         1

        CLASS   RAM            

        CLASS   ABS1           
                abs_s1                               7E       7E        2         1

        CLASS   SFR0           

        CLASS   SFR1           

        CLASS   SFR2           

        CLASS   SFR3           

        CLASS   CONFIG         
                config                             2007     2007        2         4

        CLASS   IDLOC          

        CLASS   EEDATA         



SEGMENTS        Name                           Load    Length   Top    Selector   Space  Class     Delta

                reset_vec                      000000  000003  000003         0       0  CODE        2
                intentry                       000004  0007FA  0007FE         8       0  CODE        2
                cstackBANK0                    000020  000050  000070        20       1  BANK0       1
                cstackCOMMON                   000070  00000C  00007C        70       1  COMMON      1
                cstackBANK1                    0000A0  000043  0000E3        A0       1  BANK1       1
                bssBANK3                       000190  000014  0001A4       190       1  BANK3       1
                text26                         000803  000015  000818      1006       0  CODE        2
                maintext                       000818  000124  00093C      1030       0  CODE        2
                text10                         00093C  000361  000C9D      1278       0  CODE        2
                text3                          000C9D  000363  001000      193A       0  CODE        2
                strings                        001000  0000F2  0010F2      2000       0  STRING      2
                text31                         0010F2  000009  0010FB      21E4       0  CODE        2
                text21                         0010FB  0000A4  00119F      21F6       0  CODE        2
                text13                         00119F  0000BE  00125D      233E       0  CODE        2
                text29                         00125D  00010E  00136B      24BA       0  CODE        2
                text7                          00136B  00020D  001578      26D6       0  CODE        2
                text19                         001578  000288  001800      2AF0       0  CODE        2
                clrtext                        001917  000008  00191F      322E       0  CODE        2
                text32                         00191F  000009  001928      323E       0  CODE        2
                text30                         001928  00000A  001932      3250       0  CODE        2
                text24                         001932  00000A  00193C      3264       0  CODE        2
                text20                         00193C  00000B  001947      3278       0  CODE        2
                text34                         001947  00000D  001954      328E       0  CODE        2
                text36                         001954  00000F  001963      32A8       0  CODE        2
                text6                          001963  000012  001975      32C6       0  CODE        2
                text39                         001975  000014  001989      32EA       0  CODE        2
                text23                         001989  000021  0019AA      3312       0  CODE        2
                text37                         0019AA  000024  0019CE      3354       0  CODE        2
                text15                         0019CE  000025  0019F3      339C       0  CODE        2
                text40                         0019F3  000026  001A19      33E6       0  CODE        2
                text11                         001A19  000027  001A40      3432       0  CODE        2
                text25                         001A40  000032  001A72      3480       0  CODE        2
                text38                         001A72  000035  001AA7      34E4       0  CODE        2
                text27                         001AA7  000038  001ADF      354E       0  CODE        2
                text8                          001ADF  00003A  001B19      35BE       0  CODE        2
                text35                         001B19  000042  001B5B      3632       0  CODE        2
                text9                          001B5B  000046  001BA1      36B6       0  CODE        2
                text1                          001BA1  00004A  001BEB      3742       0  CODE        2
                text22                         001BEB  000050  001C3B      37D6       0  CODE        2
                text18                         001C3B  000050  001C8B      3876       0  CODE        2
                text16                         001C8B  000056  001CE1      3916       0  CODE        2
                text4                          001CE1  000059  001D3A      39C2       0  CODE        2
                text28                         001D3A  000068  001DA2      3A74       0  CODE        2
                text5                          001DA2  000069  001E0B      3B44       0  CODE        2
                text17                         001E0B  00007C  001E87      3C16       0  CODE        2
                text14                         001E87  0000BC  001F43      3D0E       0  CODE        2
                text12                         001F43  0000BD  002000      3E86       0  CODE        2


UNUSED ADDRESS RANGES

        Name                Unused          Largest block    Delta
        BANK1            00E3-00EF              D           1
        BANK2            0110-016F             60           1
        BANK3            01A4-01EF             4C           1
        CODE             0003-0003              1           2
                         07FE-0802              2
                         1800-1916            117
        COMMON           007C-007D              2           1
        CONST            0003-0003              1           2
                         07FE-0802              2
                         1800-1916            100
        EEDATA           2100-21FF            100           2
        ENTRY            0003-0003              1           2
                         07FE-0802              2
                         1800-1916            100
        IDLOC            2000-2003              4           2
        RAM              00E3-00EF              D           1
                         0110-016F             60
                         01A4-01EF             4C
        SFR0             0000-001F             20           1
        SFR1             0080-009F             20           1
        SFR2             0100-010F             10           1
        SFR3             0180-018F             10           1
        STACK            0110-016F             60           1
        STRCODE          0003-0003              1           2
                         07FE-0802              5
                         1800-1916            117
        STRING           0003-0003              1           2
                         07FE-0802              2
                         1800-1916            100

                                  Symbol Table

?_I2C_Master_Read           cstackCOMMON 0072
?__Umul8_16                 cstackCOMMON 0072
?___awdiv                   cstackBANK0  0020
?___awmod                   cstackCOMMON 0072
?___fladd                   cstackBANK0  0056
?___flmul                   cstackBANK0  0028
?___flneg                   cstackCOMMON 0072
?___flsub                   cstackBANK1  00A0
?___fltol                   cstackBANK0  0055
?___lldiv                   cstackCOMMON 0072
?___llmod                   cstackBANK0  0025
?___lwdiv                   cstackBANK0  0020
?___lwmod                   cstackCOMMON 0072
?___wmul                    cstackCOMMON 0072
?___xxtofl                  cstackCOMMON 0072
?__div_to_l_                cstackCOMMON 0072
?__tdiv_to_l_               cstackCOMMON 0072
?_fround                    cstackBANK0  0042
?_scale                     cstackBANK0  0042
?_sprintf                   cstackBANK0  006A
Envio_caracter@caracter     cstackCOMMON 0072
I2C_Master_Init@c           cstackBANK0  0025
I2C_Master_Read@a           cstackCOMMON 0072
I2C_Master_Read@temp        cstackCOMMON 0076
I2C_Master_Write@d          cstackCOMMON 0072
Lcd_Cmd@a                   cstackCOMMON 0074
Lcd_Set_Cursor@a            cstackCOMMON 0077
Lcd_Set_Cursor@b            cstackCOMMON 0075
Lcd_Set_Cursor@temp         cstackCOMMON 0078
Lcd_Write_Char@a            cstackCOMMON 0073
Lcd_Write_String@a          cstackCOMMON 0074
Lcd_Write_String@i          cstackCOMMON 0079
_ANSEL                      (abs)        0188
_ANSELH                     (abs)        0189
_BAUDCTLbits                (abs)        0187
_BanStart                   bssCOMMON    007B
_Envio_caracter             text24       1932
_GIE                        (abs)        005F
_I2C_Master_Init            text27       1AA7
_I2C_Master_Read            text33       07D0
_I2C_Master_Start           text32       191F
_I2C_Master_Stop            text31       10F2
_I2C_Master_Wait            text34       1947
_I2C_Master_Write           text30       1928
_INTCONbits                 (abs)        000B
_IOCBbits                   (abs)        0096
_Lcd_Cmd                    text39       1975
_Lcd_Init                   text38       1A72
_Lcd_Set_Cursor             text37       19AA
_Lcd_Write_Char             text36       1954
_Lcd_Write_String           text35       1B19
_OPTION_REGbits             (abs)        0081
_OSCCONbits                 (abs)        008F
_PEIE                       (abs)        005E
_PORTA                      (abs)        0005
_PORTBbits                  (abs)        0006
_PORTD                      (abs)        0008
_PORTE                      (abs)        0009
_PORTEbits                  (abs)        0009
_RB0                        (abs)        0030
_RBIF                       (abs)        0058
_RCSTAbits                  (abs)        0018
_SPBRG                      (abs)        0099
_SPBRGH                     (abs)        009A
_SSPADD                     (abs)        0093
_SSPBUF                     (abs)        0013
_SSPCON                     (abs)        0014
_SSPCON2                    (abs)        0091
_SSPCON2bits                (abs)        0091
_SSPIE                      (abs)        0463
_SSPIF                      (abs)        0063
_SSPSTAT                    (abs)        0094
_TRISA                      (abs)        0085
_TRISB                      (abs)        0086
_TRISBbits                  (abs)        0086
_TRISC3                     (abs)        043B
_TRISC4                     (abs)        043C
_TRISCbits                  (abs)        0087
_TRISD                      (abs)        0088
_TRISE                      (abs)        0089
_TXIF                       (abs)        0064
_TXREG                      (abs)        0019
_TXSTAbits                  (abs)        0098
_WPUB                       (abs)        0095
__Habs1                     abs1         0000
__Hbank0                    bank0        0000
__Hbank1                    bank1        0000
__Hbank2                    bank2        0000
__Hbank3                    bank3        0000
__HbssBANK1                 bssBANK1     0000
__HbssBANK3                 bssBANK3     0000
__HbssCOMMON                bssCOMMON    0000
__Hcinit                    cinit        0026
__Hclrtext                  clrtext      0000
__Hcode                     code         0000
__Hcommon                   common       0000
__Hconfig                   config       2009
__HcstackBANK0              cstackBANK0  0000
__HcstackBANK1              cstackBANK1  0000
__HcstackCOMMON             cstackCOMMON 0000
__Heeprom_data              eeprom_data  0000
__Hend_init                 end_init     000F
__Hfunctab                  functab      0000
__Hinit                     init         000C
__Hintentry                 intentry     000C
__Hmaintext                 maintext     0000
__Hpowerup                  powerup      0000
__Hram                      ram          0000
__Hreset_vec                reset_vec    0003
__Hsfr0                     sfr0         0000
__Hsfr1                     sfr1         0000
__Hsfr2                     sfr2         0000
__Hsfr3                     sfr3         0000
__Hspace_0                  (abs)        2000
__Hspace_1                  (abs)        01A4
__Hspace_2                  (abs)        0000
__Hspace_3                  (abs)        0000
__Hspace_4                  (abs)        4010
__Hstack                    stack        0000
__Hstrings                  strings      0000
__Htext                     text         0000
__Labs1                     abs1         0000
__Lbank0                    bank0        0000
__Lbank1                    bank1        0000
__Lbank2                    bank2        0000
__Lbank3                    bank3        0000
__LbssBANK1                 bssBANK1     0000
__LbssBANK3                 bssBANK3     0000
__LbssCOMMON                bssCOMMON    0000
__Lcinit                    cinit        000F
__Lclrtext                  clrtext      0000
__Lcode                     code         0000
__Lcommon                   common       0000
__Lconfig                   config       0000
__LcstackBANK0              cstackBANK0  0000
__LcstackBANK1              cstackBANK1  0000
__LcstackCOMMON             cstackCOMMON 0000
__Leeprom_data              eeprom_data  0000
__Lend_init                 end_init     000C
__Lfunctab                  functab      0000
__Linit                     init         000C
__Lintentry                 intentry     0004
__Lmaintext                 maintext     0000
__Lpowerup                  powerup      0000
__Lram                      ram          0000
__Lreset_vec                reset_vec    0000
__Lsfr0                     sfr0         0000
__Lsfr1                     sfr1         0000
__Lsfr2                     sfr2         0000
__Lsfr3                     sfr3         0000
__Lspace_0                  (abs)        0000
__Lspace_1                  (abs)        0000
__Lspace_2                  (abs)        0000
__Lspace_3                  (abs)        0000
__Lspace_4                  (abs)        0000
__Lstack                    stack        0000
__Lstrings                  strings      0000
__Ltext                     text         0000
__S0                        (abs)        2000
__S1                        (abs)        01A4
__S2                        (abs)        0000
__S3                        (abs)        0000
__Umul8_16                  text11       1A19
__Umul8_16@multiplicand     cstackCOMMON 0072
__Umul8_16@multiplier       cstackCOMMON 007A
__Umul8_16@product          cstackCOMMON 0076
__Umul8_16@word_mpld        cstackCOMMON 0078
___awdiv                    text5        1DA2
___awdiv@counter            cstackBANK0  0024
___awdiv@dividend           cstackBANK0  0022
___awdiv@divisor            cstackBANK0  0020
___awdiv@quotient           cstackBANK0  0026
___awdiv@sign               cstackBANK0  0025
___awmod                    text4        1CE1
___awmod@counter            cstackCOMMON 0077
___awmod@dividend           cstackCOMMON 0074
___awmod@divisor            cstackCOMMON 0072
___awmod@sign               cstackCOMMON 0078
___fladd                    text19       1578
___fladd@a                  cstackBANK0  005A
___fladd@aexp               cstackBANK0  0067
___fladd@b                  cstackBANK0  0056
___fladd@bexp               cstackBANK0  0068
___fladd@grs                cstackBANK0  0069
___fladd@signs              cstackBANK0  0066
___fleq                     text22       1BEB
___fleq@ff1                 cstackCOMMON 0072
___fleq@ff2                 cstackCOMMON 0076
___flge                     text21       10FB
___flge@ff1                 cstackCOMMON 0072
___flge@ff2                 cstackCOMMON 0076
___flmul                    text10       093C
___flmul@a                  cstackBANK0  002C
___flmul@aexp               cstackBANK0  003A
___flmul@b                  cstackBANK0  0028
___flmul@bexp               cstackBANK0  003B
___flmul@grs                cstackBANK0  0036
___flmul@prod               cstackBANK0  003C
___flmul@sign               cstackBANK0  0035
___flmul@temp               cstackBANK0  0040
___flneg                    text20       193C
___flneg@f1                 cstackCOMMON 0072
___flsub                    text18       1C3B
___flsub@a                  cstackBANK1  00A0
___flsub@b                  cstackBANK1  00A4
___fltol                    text17       1E0B
___fltol@exp1               cstackBANK0  005F
___fltol@f1                 cstackBANK0  0055
___fltol@sign1              cstackBANK0  005E
___int_sp                   stack        0000
___latbits                  (abs)        0002
___lldiv                    text28       1D3A
___lldiv@counter            cstackBANK0  0024
___lldiv@dividend           cstackCOMMON 0076
___lldiv@divisor            cstackCOMMON 0072
___lldiv@quotient           cstackBANK0  0020
___llmod                    text16       1C8B
___llmod@counter            cstackBANK0  002E
___llmod@dividend           cstackBANK0  0029
___llmod@divisor            cstackBANK0  0025
___lwdiv                    text9        1B5B
___lwdiv@counter            cstackBANK0  0024
___lwdiv@dividend           cstackBANK0  0022
___lwdiv@divisor            cstackBANK0  0020
___lwdiv@quotient           cstackBANK0  0025
___lwmod                    text8        1ADF
___lwmod@counter            cstackCOMMON 0077
___lwmod@dividend           cstackCOMMON 0074
___lwmod@divisor            cstackCOMMON 0072
___sp                       stack        0000
___stackhi                  (abs)        0000
___stacklo                  (abs)        0000
___wmul                     text15       19CE
___wmul@multiplicand        cstackCOMMON 0074
___wmul@multiplier          cstackCOMMON 0072
___wmul@product             cstackCOMMON 0076
___xxtofl                   text14       1E87
___xxtofl@arg               cstackBANK0  0022
___xxtofl@exp               cstackBANK0  0021
___xxtofl@sign              cstackBANK0  0020
___xxtofl@val               cstackCOMMON 0072
__div_to_l_                 text13       119F
__div_to_l_@cntr            cstackBANK0  0024
__div_to_l_@exp1            cstackBANK0  0025
__div_to_l_@f1              cstackCOMMON 0072
__div_to_l_@f2              cstackCOMMON 0076
__div_to_l_@quot            cstackBANK0  0020
__end_of_Envio_caracter     text24       193C
__end_of_I2C_Master_Init    text27       1ADF
__end_of_I2C_Master_Read    text33       07FE
__end_of_I2C_Master_Start   text32       1928
__end_of_I2C_Master_Stop    text31       10FB
__end_of_I2C_Master_Wait    text34       1954
__end_of_I2C_Master_Write   text30       1932
__end_of_Lcd_Cmd            text39       1989
__end_of_Lcd_Init           text38       1AA7
__end_of_Lcd_Set_Cursor     text37       19CE
__end_of_Lcd_Write_Char     text36       1963
__end_of_Lcd_Write_String   text35       1B5B
__end_of__Umul8_16          text11       1A40
__end_of___awdiv            text5        1E0B
__end_of___awmod            text4        1D3A
__end_of___fladd            text19       1800
__end_of___fleq             text22       1C3B
__end_of___flge             text21       119F
__end_of___flmul            text10       0C9D
__end_of___flneg            text20       1947
__end_of___flsub            text18       1C8B
__end_of___fltol            text17       1E87
__end_of___lldiv            text28       1DA2
__end_of___llmod            text16       1CE1
__end_of___lwdiv            text9        1BA1
__end_of___lwmod            text8        1B19
__end_of___wmul             text15       19F3
__end_of___xxtofl           text14       1F43
__end_of__div_to_l_         text13       125D
__end_of__initialization    cinit        0022
__end_of__npowers_          strings      1078
__end_of__powers_           strings      1044
__end_of__stringtab         strings      1010
__end_of__tdiv_to_l_        text12       2000
__end_of_cadena_caracteres  text23       19AA
__end_of_com_master         text29       136B
__end_of_configuracionUART  text26       0818
__end_of_dpowers            strings      10A0
__end_of_fround             text7        1578
__end_of_isdigit            text6        1975
__end_of_isr                text40       1A19
__end_of_main               maintext     093C
__end_of_scale              text3        1000
__end_of_setup              text25       1A72
__end_of_sprintf            text2        07D0
__end_of_valorsensores      text1        1BEB
__initialization            cinit        000F
__npowers_                  strings      1044
__pbssBANK1                 bssBANK1     00C8
__pbssBANK3                 bssBANK3     0190
__pbssCOMMON                bssCOMMON    007B
__pcstackBANK0              cstackBANK0  0020
__pcstackBANK1              cstackBANK1  00A0
__pcstackCOMMON             cstackCOMMON 0070
__pintentry                 intentry     0004
__pmaintext                 maintext     0818
__powers_                   strings      1010
__pstrings                  strings      1000
__ptext1                    text1        1BA1
__ptext10                   text10       093C
__ptext11                   text11       1A19
__ptext12                   text12       1F43
__ptext13                   text13       119F
__ptext14                   text14       1E87
__ptext15                   text15       19CE
__ptext16                   text16       1C8B
__ptext17                   text17       1E0B
__ptext18                   text18       1C3B
__ptext19                   text19       1578
__ptext2                    text2        0026
__ptext20                   text20       193C
__ptext21                   text21       10FB
__ptext22                   text22       1BEB
__ptext23                   text23       1989
__ptext24                   text24       1932
__ptext25                   text25       1A40
__ptext26                   text26       0803
__ptext27                   text27       1AA7
__ptext28                   text28       1D3A
__ptext29                   text29       125D
__ptext3                    text3        0C9D
__ptext30                   text30       1928
__ptext31                   text31       10F2
__ptext32                   text32       191F
__ptext33                   text33       07D0
__ptext34                   text34       1947
__ptext35                   text35       1B19
__ptext36                   text36       1954
__ptext37                   text37       19AA
__ptext38                   text38       1A72
__ptext39                   text39       1975
__ptext4                    text4        1CE1
__ptext40                   text40       19F3
__ptext5                    text5        1DA2
__ptext6                    text6        1963
__ptext7                    text7        136B
__ptext8                    text8        1ADF
__ptext9                    text9        1B5B
__size_of_Envio_caracter    (abs)        0000
__size_of_I2C_Master_Init   (abs)        0000
__size_of_I2C_Master_Read   (abs)        0000
__size_of_I2C_Master_Start  (abs)        0000
__size_of_I2C_Master_Stop   (abs)        0000
__size_of_I2C_Master_Wait   (abs)        0000
__size_of_I2C_Master_Write  (abs)        0000
__size_of_Lcd_Cmd           (abs)        0000
__size_of_Lcd_Init          (abs)        0000
__size_of_Lcd_Set_Cursor    (abs)        0000
__size_of_Lcd_Write_Char    (abs)        0000
__size_of_Lcd_Write_String  (abs)        0000
__size_of__Umul8_16         (abs)        0000
__size_of___awdiv           (abs)        0000
__size_of___awmod           (abs)        0000
__size_of___fladd           (abs)        0000
__size_of___fleq            (abs)        0000
__size_of___flge            (abs)        0000
__size_of___flmul           (abs)        0000
__size_of___flneg           (abs)        0000
__size_of___flsub           (abs)        0000
__size_of___fltol           (abs)        0000
__size_of___lldiv           (abs)        0000
__size_of___llmod           (abs)        0000
__size_of___lwdiv           (abs)        0000
__size_of___lwmod           (abs)        0000
__size_of___wmul            (abs)        0000
__size_of___xxtofl          (abs)        0000
__size_of__div_to_l_        (abs)        0000
__size_of__tdiv_to_l_       (abs)        0000
__size_of_cadena_caracteres (abs)        0000
__size_of_com_master        (abs)        0000
__size_of_configuracionUART (abs)        0000
__size_of_fround            (abs)        0000
__size_of_isdigit           (abs)        0000
__size_of_isr               (abs)        0000
__size_of_main              (abs)        0000
__size_of_scale             (abs)        0000
__size_of_setup             (abs)        0000
__size_of_sprintf           (abs)        0000
__size_of_valorsensores     (abs)        0000
__stringbase                strings      100F
__stringtab                 strings      1000
__tdiv_to_l_                text12       1F43
__tdiv_to_l_@cntr           cstackBANK0  0028
__tdiv_to_l_@exp1           cstackBANK0  0029
__tdiv_to_l_@f1             cstackCOMMON 0072
__tdiv_to_l_@f2             cstackCOMMON 0076
__tdiv_to_l_@quot           cstackBANK0  0024
_cadena_caracteres          text23       1989
_com_master                 text29       125D
_configuracionUART          text26       0803
_contRecipiente             bssBANK1     00D8
_datPeso                    bssBANK1     00D4
_datUltrasonico             bssBANK1     00D6
_dpowers                    strings      1078
_fround                     text7        136B
_fround$1280                cstackBANK0  0051
_fround$1281                cstackBANK0  004D
_isdigit                    text6        1963
_isdigit$1078               cstackCOMMON 0072
_isr                        text40       19F3
_main                       maintext     0818
_s                          bssBANK3     0190
_scale                      text3        0C9D
_scale$1282                 cstackBANK0  0050
_setup                      text25       1A40
_sprintf                    text2        0026
_sprintf$1283               cstackBANK1  00AD
_start                      bssBANK1     00DA
_valorsensores              text1        1BA1
btemp                       (abs)        007E
cadena_caracteres@i         cstackCOMMON 0074
cadena_caracteres@st        cstackCOMMON 0076
clear_ram0                  clrtext      1917
end_of_initialization       cinit        0022
fround@prec                 cstackBANK0  0055
interrupt_function          intentry     0004
intlevel0                   functab      0000
intlevel1                   functab      0000
intlevel2                   functab      0000
intlevel3                   functab      0000
intlevel4                   functab      0000
intlevel5                   functab      0000
isdigit@c                   cstackCOMMON 0073
reset_vec                   reset_vec    0000
saved_w                     (abs)        007E
scale@scl                   cstackBANK0  0054
sprintf@ap                  cstackBANK1  00B1
sprintf@c                   cstackBANK1  00C5
sprintf@eexp                cstackBANK1  00B4
sprintf@f                   cstackBANK0  006A
sprintf@flag                cstackBANK1  00B2
sprintf@fval                cstackBANK1  00BE
sprintf@prec                cstackBANK1  00C2
sprintf@sp                  cstackBANK1  00C4
sprintf@tmpval              cstackBANK1  00B6
sprintf@val                 cstackBANK1  00BA
start                       init         000C
start_initialization        cinit        000F
wtemp0                      (abs)        007E


FUNCTION INFORMATION:

 *************** function _main *****************
 Defined at:
		line 68 in file "main_proyectoMaster.c"
 Parameters:    Size  Location     Type
		None
 Auto vars:     Size  Location     Type
  a               2    0        unsigned int 
 Return value:  Size  Location     Type
                  1    wreg      void 
 Registers used:
		wreg, fsr0l, fsr0h, status,2, status,0, btemp+1, pclath, cstack
 Tracked objects:
		On entry : 
		On exit  : 
		Unchanged: 
 Data sizes:     COMMON   BANK0   BANK1   BANK3   BANK2
      Params:         0       0       0       0       0
      Locals:         0       0       0       0       0
      Temps:          0       0       2       0       0
      Totals:         0       0       2       0       0
Total ram usage:        2 bytes
 Hardware stack levels required when called:    6
 This function calls:
		_Lcd_Init
		_Lcd_Set_Cursor
		_Lcd_Write_String
		_com_master
		_setup
		_sprintf
		_valorsensores
 This function is called by:
		Startup code after reset
 This function uses a non-reentrant model


 *************** function _valorsensores *****************
 Defined at:
		line 38 in file "UARTP_Master.c"
 Parameters:    Size  Location     Type
		None
 Auto vars:     Size  Location     Type
		None
 Return value:  Size  Location     Type
                  1    wreg      void 
 Registers used:
		wreg, fsr0l, fsr0h, status,2, status,0, btemp+1, pclath, cstack
 Tracked objects:
		On entry : 
		On exit  : 
		Unchanged: 
 Data sizes:     COMMON   BANK0   BANK1   BANK3   BANK2
      Params:         0       0       0       0       0
      Locals:         0       0       0       0       0
      Temps:          0       1       0       0       0
      Totals:         0       1       0       0       0
Total ram usage:        1 bytes
 Hardware stack levels used:    1
 Hardware stack levels required when called:    5
 This function calls:
		_cadena_caracteres
		_sprintf
 This function is called by:
		_main
 This function uses a non-reentrant model


 *************** function _sprintf *****************
 Defined at:
		line 505 in file "C:\Program Files\Microchip\xc8\v2.31\pic\sources\c90\common\doprnt.c"
 Parameters:    Size  Location     Type
  sp              1    wreg     PTR unsigned char 
		 -> s(20), 
  f               1   74[BANK0 ] PTR const unsigned char 
		 -> STR_9(7), STR_8(8), STR_4(5), STR_3(14), 
		 -> STR_2(16), STR_1(17), 
 Auto vars:     Size  Location     Type
  sp              1   36[BANK1 ] PTR unsigned char 
		 -> s(20), 
  fval            4   30[BANK1 ] PTR unsigned char 
  val             4   26[BANK1 ] unsigned long 
  tmpval          4   22[BANK1 ] struct .
  prec            2   34[BANK1 ] int 
  eexp            2   20[BANK1 ] int 
  flag            2   18[BANK1 ] unsigned short 
  cp              2    0        PTR const unsigned char 
  len             2    0        unsigned int 
  width           2    0        int 
  c               1   37[BANK1 ] unsigned char 
  ap              1   17[BANK1 ] PTR void [1]
		 -> ?_sprintf(2), 
  d               1    0        unsigned char 
 Return value:  Size  Location     Type
                  2   74[BANK0 ] int 
 Registers used:
		wreg, fsr0l, fsr0h, status,2, status,0, btemp+1, pclath, cstack
 Tracked objects:
		On entry : 
		On exit  : 
		Unchanged: 
 Data sizes:     COMMON   BANK0   BANK1   BANK3   BANK2
      Params:         0       5       0       0       0
      Locals:         0       0      25       0       0
      Temps:          0       0       5       0       0
      Totals:         0       5      30       0       0
Total ram usage:       35 bytes
 Hardware stack levels used:    1
 Hardware stack levels required when called:    4
 This function calls:
		___awdiv
		___fladd
		___fleq
		___flge
		___flmul
		___flneg
		___flsub
		___fltol
		___lldiv
		___llmod
		___wmul
		___xxtofl
		__div_to_l_
		__tdiv_to_l_
		_fround
		_isdigit
		_scale
 This function is called by:
		_valorsensores
		_main
 This function uses a non-reentrant model


 *************** function _scale *****************
 Defined at:
		line 433 in file "C:\Program Files\Microchip\xc8\v2.31\pic\sources\c90\common\doprnt.c"
 Parameters:    Size  Location     Type
  scl             1    wreg     char 
 Auto vars:     Size  Location     Type
  scl             1   52[BANK0 ] char 
 Return value:  Size  Location     Type
                  4   34[BANK0 ] char 
 Registers used:
		wreg, fsr0l, fsr0h, status,2, status,0, btemp+1, pclath, cstack
 Tracked objects:
		On entry : 
		On exit  : 
		Unchanged: 
 Data sizes:     COMMON   BANK0   BANK1   BANK3   BANK2
      Params:         0       4       0       0       0
      Locals:         0       5       0       0       0
      Temps:          0      10       0       0       0
      Totals:         0      19       0       0       0
Total ram usage:       19 bytes
 Hardware stack levels used:    1
 Hardware stack levels required when called:    3
 This function calls:
		___awdiv
		___awmod
		___flmul
 This function is called by:
		_sprintf
 This function uses a non-reentrant model


 *************** function ___awmod *****************
 Defined at:
		line 5 in file "C:\Program Files\Microchip\xc8\v2.31\pic\sources\c90\common\awmod.c"
 Parameters:    Size  Location     Type
  divisor         2    2[COMMON] int 
  dividend        2    4[COMMON] int 
 Auto vars:     Size  Location     Type
  sign            1    8[COMMON] unsigned char 
  counter         1    7[COMMON] unsigned char 
 Return value:  Size  Location     Type
                  2    2[COMMON] int 
 Registers used:
		wreg, status,2, status,0
 Tracked objects:
		On entry : 
		On exit  : 
		Unchanged: 
 Data sizes:     COMMON   BANK0   BANK1   BANK3   BANK2
      Params:         4       0       0       0       0
      Locals:         2       0       0       0       0
      Temps:          1       0       0       0       0
      Totals:         7       0       0       0       0
Total ram usage:        7 bytes
 Hardware stack levels used:    1
 Hardware stack levels required when called:    1
 This function calls:
		Nothing
 This function is called by:
		_scale
 This function uses a non-reentrant model


 *************** function ___awdiv *****************
 Defined at:
		line 5 in file "C:\Program Files\Microchip\xc8\v2.31\pic\sources\c90\common\awdiv.c"
 Parameters:    Size  Location     Type
  divisor         2    0[BANK0 ] int 
  dividend        2    2[BANK0 ] int 
 Auto vars:     Size  Location     Type
  quotient        2    6[BANK0 ] int 
  sign            1    5[BANK0 ] unsigned char 
  counter         1    4[BANK0 ] unsigned char 
 Return value:  Size  Location     Type
                  2    0[BANK0 ] int 
 Registers used:
		wreg, status,2, status,0
 Tracked objects:
		On entry : 
		On exit  : 
		Unchanged: 
 Data sizes:     COMMON   BANK0   BANK1   BANK3   BANK2
      Params:         0       4       0       0       0
      Locals:         0       4       0       0       0
      Temps:          1       0       0       0       0
      Totals:         1       8       0       0       0
Total ram usage:        9 bytes
 Hardware stack levels used:    1
 Hardware stack levels required when called:    1
 This function calls:
		Nothing
 This function is called by:
		_scale
		_sprintf
 This function uses a non-reentrant model


 *************** function _isdigit *****************
 Defined at:
		line 8 in file "C:\Program Files\Microchip\xc8\v2.31\pic\sources\c90\common\isdigit.c"
 Parameters:    Size  Location     Type
  c               1    wreg     unsigned char 
 Auto vars:     Size  Location     Type
  c               1    3[COMMON] unsigned char 
 Return value:  Size  Location     Type
		None               void
 Registers used:
		wreg, status,2, status,0
 Tracked objects:
		On entry : 
		On exit  : 
		Unchanged: 
 Data sizes:     COMMON   BANK0   BANK1   BANK3   BANK2
      Params:         0       0       0       0       0
      Locals:         2       0       0       0       0
      Temps:          0       0       0       0       0
      Totals:         2       0       0       0       0
Total ram usage:        2 bytes
 Hardware stack levels used:    1
 Hardware stack levels required when called:    1
 This function calls:
		Nothing
 This function is called by:
		_sprintf
 This function uses a non-reentrant model


 *************** function _fround *****************
 Defined at:
		line 417 in file "C:\Program Files\Microchip\xc8\v2.31\pic\sources\c90\common\doprnt.c"
 Parameters:    Size  Location     Type
  prec            1    wreg     unsigned char 
 Auto vars:     Size  Location     Type
  prec            1   53[BANK0 ] unsigned char 
 Return value:  Size  Location     Type
                  4   34[BANK0 ] unsigned char 
 Registers used:
		wreg, fsr0l, fsr0h, status,2, status,0, btemp+1, pclath, cstack
 Tracked objects:
		On entry : 
		On exit  : 
		Unchanged: 
 Data sizes:     COMMON   BANK0   BANK1   BANK3   BANK2
      Params:         0       4       0       0       0
      Locals:         0       9       0       0       0
      Temps:          0       7       0       0       0
      Totals:         0      20       0       0       0
Total ram usage:       20 bytes
 Hardware stack levels used:    1
 Hardware stack levels required when called:    3
 This function calls:
		___flmul
		___lwdiv
		___lwmod
 This function is called by:
		_sprintf
 This function uses a non-reentrant model


 *************** function ___lwmod *****************
 Defined at:
		line 5 in file "C:\Program Files\Microchip\xc8\v2.31\pic\sources\c90\common\lwmod.c"
 Parameters:    Size  Location     Type
  divisor         2    2[COMMON] unsigned int 
  dividend        2    4[COMMON] unsigned int 
 Auto vars:     Size  Location     Type
  counter         1    7[COMMON] unsigned char 
 Return value:  Size  Location     Type
                  2    2[COMMON] unsigned int 
 Registers used:
		wreg, status,2, status,0
 Tracked objects:
		On entry : 
		On exit  : 
		Unchanged: 
 Data sizes:     COMMON   BANK0   BANK1   BANK3   BANK2
      Params:         4       0       0       0       0
      Locals:         1       0       0       0       0
      Temps:          1       0       0       0       0
      Totals:         6       0       0       0       0
Total ram usage:        6 bytes
 Hardware stack levels used:    1
 Hardware stack levels required when called:    1
 This function calls:
		Nothing
 This function is called by:
		_fround
 This function uses a non-reentrant model


 *************** function ___lwdiv *****************
 Defined at:
		line 5 in file "C:\Program Files\Microchip\xc8\v2.31\pic\sources\c90\common\lwdiv.c"
 Parameters:    Size  Location     Type
  divisor         2    0[BANK0 ] unsigned int 
  dividend        2    2[BANK0 ] unsigned int 
 Auto vars:     Size  Location     Type
  quotient        2    5[BANK0 ] unsigned int 
  counter         1    4[BANK0 ] unsigned char 
 Return value:  Size  Location     Type
                  2    0[BANK0 ] unsigned int 
 Registers used:
		wreg, status,2, status,0
 Tracked objects:
		On entry : 
		On exit  : 
		Unchanged: 
 Data sizes:     COMMON   BANK0   BANK1   BANK3   BANK2
      Params:         0       4       0       0       0
      Locals:         0       3       0       0       0
      Temps:          1       0       0       0       0
      Totals:         1       7       0       0       0
Total ram usage:        8 bytes
 Hardware stack levels used:    1
 Hardware stack levels required when called:    1
 This function calls:
		Nothing
 This function is called by:
		_fround
 This function uses a non-reentrant model


 *************** function ___flmul *****************
 Defined at:
		line 8 in file "C:\Program Files\Microchip\xc8\v2.31\pic\sources\c90\common\sprcmul.c"
 Parameters:    Size  Location     Type
  b               4    8[BANK0 ] unsigned int 
  a               4   12[BANK0 ] unsigned int 
 Auto vars:     Size  Location     Type
  prod            4   28[BANK0 ] struct .
  grs             4   22[BANK0 ] unsigned long 
  temp            2   32[BANK0 ] struct .
  bexp            1   27[BANK0 ] unsigned char 
  aexp            1   26[BANK0 ] unsigned char 
  sign            1   21[BANK0 ] unsigned char 
 Return value:  Size  Location     Type
                  4    8[BANK0 ] unsigned char 
 Registers used:
		wreg, status,2, status,0, btemp+1, pclath, cstack
 Tracked objects:
		On entry : 
		On exit  : 
		Unchanged: 
 Data sizes:     COMMON   BANK0   BANK1   BANK3   BANK2
      Params:         0       8       0       0       0
      Locals:         0      13       0       0       0
      Temps:          0       5       0       0       0
      Totals:         0      26       0       0       0
Total ram usage:       26 bytes
 Hardware stack levels used:    1
 Hardware stack levels required when called:    2
 This function calls:
		__Umul8_16
 This function is called by:
		_fround
		_scale
		_sprintf
 This function uses a non-reentrant model


 *************** function __Umul8_16 *****************
 Defined at:
		line 4 in file "C:\Program Files\Microchip\xc8\v2.31\pic\sources\c90\common\Umul8_16.c"
 Parameters:    Size  Location     Type
  multiplier      1    wreg     unsigned char 
  multiplicand    1    2[COMMON] unsigned char 
 Auto vars:     Size  Location     Type
  multiplier      1   10[COMMON] unsigned char 
  word_mpld       2    8[COMMON] unsigned int 
  product         2    6[COMMON] unsigned int 
 Return value:  Size  Location     Type
                  2    2[COMMON] unsigned int 
 Registers used:
		wreg, status,2, status,0
 Tracked objects:
		On entry : 
		On exit  : 
		Unchanged: 
 Data sizes:     COMMON   BANK0   BANK1   BANK3   BANK2
      Params:         2       0       0       0       0
      Locals:         5       0       0       0       0
      Temps:          2       0       0       0       0
      Totals:         9       0       0       0       0
Total ram usage:        9 bytes
 Hardware stack levels used:    1
 Hardware stack levels required when called:    1
 This function calls:
		Nothing
 This function is called by:
		___flmul
 This function uses a non-reentrant model


 *************** function __tdiv_to_l_ *****************
 Defined at:
		line 60 in file "C:\Program Files\Microchip\xc8\v2.31\pic\sources\c90\common\ftdivl.c"
 Parameters:    Size  Location     Type
  f1              4    2[COMMON] float 
  f2              4    6[COMMON] float 
 Auto vars:     Size  Location     Type
  quot            4    4[BANK0 ] unsigned long 
  exp1            1    9[BANK0 ] unsigned char 
  cntr            1    8[BANK0 ] unsigned char 
 Return value:  Size  Location     Type
                  4    2[COMMON] unsigned long 
 Registers used:
		wreg, status,2, status,0
 Tracked objects:
		On entry : 
		On exit  : 
		Unchanged: 
 Data sizes:     COMMON   BANK0   BANK1   BANK3   BANK2
      Params:         8       0       0       0       0
      Locals:         0       6       0       0       0
      Temps:          0       4       0       0       0
      Totals:         8      10       0       0       0
Total ram usage:       18 bytes
 Hardware stack levels used:    1
 Hardware stack levels required when called:    1
 This function calls:
		Nothing
 This function is called by:
		_sprintf
 This function uses a non-reentrant model


 *************** function __div_to_l_ *****************
 Defined at:
		line 60 in file "C:\Program Files\Microchip\xc8\v2.31\pic\sources\c90\common\fldivl.c"
 Parameters:    Size  Location     Type
  f1              4    2[COMMON] unsigned long 
  f2              4    6[COMMON] unsigned long 
 Auto vars:     Size  Location     Type
  quot            4    0[BANK0 ] unsigned long 
  exp1            1    5[BANK0 ] unsigned char 
  cntr            1    4[BANK0 ] unsigned char 
 Return value:  Size  Location     Type
                  4    2[COMMON] unsigned long 
 Registers used:
		wreg, status,2, status,0
 Tracked objects:
		On entry : 
		On exit  : 
		Unchanged: 
 Data sizes:     COMMON   BANK0   BANK1   BANK3   BANK2
      Params:         8       0       0       0       0
      Locals:         0       6       0       0       0
      Temps:          1       0       0       0       0
      Totals:         9       6       0       0       0
Total ram usage:       15 bytes
 Hardware stack levels used:    1
 Hardware stack levels required when called:    1
 This function calls:
		Nothing
 This function is called by:
		_sprintf
 This function uses a non-reentrant model


 *************** function ___xxtofl *****************
 Defined at:
		line 10 in file "C:\Program Files\Microchip\xc8\v2.31\pic\sources\c90\common\xxtofl.c"
 Parameters:    Size  Location     Type
  sign            1    wreg     unsigned char 
  val             4    2[COMMON] long 
 Auto vars:     Size  Location     Type
  sign            1    0[BANK0 ] unsigned char 
  arg             4    2[BANK0 ] unsigned long 
  exp             1    1[BANK0 ] unsigned char 
 Return value:  Size  Location     Type
                  4    2[COMMON] unsigned char 
 Registers used:
		wreg, status,2, status,0
 Tracked objects:
		On entry : 
		On exit  : 
		Unchanged: 
 Data sizes:     COMMON   BANK0   BANK1   BANK3   BANK2
      Params:         4       0       0       0       0
      Locals:         0       6       0       0       0
      Temps:          4       0       0       0       0
      Totals:         8       6       0       0       0
Total ram usage:       14 bytes
 Hardware stack levels used:    1
 Hardware stack levels required when called:    1
 This function calls:
		Nothing
 This function is called by:
		_sprintf
 This function uses a non-reentrant model


 *************** function ___wmul *****************
 Defined at:
		line 15 in file "C:\Program Files\Microchip\xc8\v2.31\pic\sources\c90\common\Umul16.c"
 Parameters:    Size  Location     Type
  multiplier      2    2[COMMON] unsigned int 
  multiplicand    2    4[COMMON] unsigned int 
 Auto vars:     Size  Location     Type
  product         2    6[COMMON] unsigned int 
 Return value:  Size  Location     Type
                  2    2[COMMON] unsigned int 
 Registers used:
		wreg, status,2, status,0
 Tracked objects:
		On entry : 
		On exit  : 
		Unchanged: 
 Data sizes:     COMMON   BANK0   BANK1   BANK3   BANK2
      Params:         4       0       0       0       0
      Locals:         2       0       0       0       0
      Temps:          0       0       0       0       0
      Totals:         6       0       0       0       0
Total ram usage:        6 bytes
 Hardware stack levels used:    1
 Hardware stack levels required when called:    1
 This function calls:
		Nothing
 This function is called by:
		_sprintf
 This function uses a non-reentrant model


 *************** function ___llmod *****************
 Defined at:
		line 5 in file "C:\Program Files\Microchip\xc8\v2.31\pic\sources\c90\common\llmod.c"
 Parameters:    Size  Location     Type
  divisor         4    5[BANK0 ] unsigned long 
  dividend        4    9[BANK0 ] unsigned long 
 Auto vars:     Size  Location     Type
  counter         1   14[BANK0 ] unsigned char 
 Return value:  Size  Location     Type
                  4    5[BANK0 ] unsigned long 
 Registers used:
		wreg, status,2, status,0
 Tracked objects:
		On entry : 
		On exit  : 
		Unchanged: 
 Data sizes:     COMMON   BANK0   BANK1   BANK3   BANK2
      Params:         0       8       0       0       0
      Locals:         0       1       0       0       0
      Temps:          0       1       0       0       0
      Totals:         0      10       0       0       0
Total ram usage:       10 bytes
 Hardware stack levels used:    1
 Hardware stack levels required when called:    1
 This function calls:
		Nothing
 This function is called by:
		_sprintf
 This function uses a non-reentrant model


 *************** function ___fltol *****************
 Defined at:
		line 43 in file "C:\Program Files\Microchip\xc8\v2.31\pic\sources\c90\common\fltol.c"
 Parameters:    Size  Location     Type
  f1              4   53[BANK0 ] unsigned long 
 Auto vars:     Size  Location     Type
  exp1            1   63[BANK0 ] unsigned char 
  sign1           1   62[BANK0 ] unsigned char 
 Return value:  Size  Location     Type
                  4   53[BANK0 ] long 
 Registers used:
		wreg, status,2, status,0
 Tracked objects:
		On entry : 
		On exit  : 
		Unchanged: 
 Data sizes:     COMMON   BANK0   BANK1   BANK3   BANK2
      Params:         0       4       0       0       0
      Locals:         0       2       0       0       0
      Temps:          0       5       0       0       0
      Totals:         0      11       0       0       0
Total ram usage:       11 bytes
 Hardware stack levels used:    1
 Hardware stack levels required when called:    1
 This function calls:
		Nothing
 This function is called by:
		_sprintf
 This function uses a non-reentrant model


 *************** function ___flsub *****************
 Defined at:
		line 242 in file "C:\Program Files\Microchip\xc8\v2.31\pic\sources\c90\common\sprcadd.c"
 Parameters:    Size  Location     Type
  a               4    0[BANK1 ] long 
  b               4    4[BANK1 ] long 
 Auto vars:     Size  Location     Type
		None
 Return value:  Size  Location     Type
                  4    0[BANK1 ] long 
 Registers used:
		wreg, status,2, status,0, btemp+1, pclath, cstack
 Tracked objects:
		On entry : 
		On exit  : 
		Unchanged: 
 Data sizes:     COMMON   BANK0   BANK1   BANK3   BANK2
      Params:         0       0       8       0       0
      Locals:         0       0       0       0       0
      Temps:          0       0       0       0       0
      Totals:         0       0       8       0       0
Total ram usage:        8 bytes
 Hardware stack levels used:    1
 Hardware stack levels required when called:    2
 This function calls:
		___fladd
 This function is called by:
		_sprintf
 This function uses a non-reentrant model


 *************** function ___fladd *****************
 Defined at:
		line 10 in file "C:\Program Files\Microchip\xc8\v2.31\pic\sources\c90\common\sprcadd.c"
 Parameters:    Size  Location     Type
  b               4   54[BANK0 ] long 
  a               4   58[BANK0 ] long 
 Auto vars:     Size  Location     Type
  grs             1   73[BANK0 ] unsigned char 
  bexp            1   72[BANK0 ] unsigned char 
  aexp            1   71[BANK0 ] unsigned char 
  signs           1   70[BANK0 ] unsigned char 
 Return value:  Size  Location     Type
                  4   54[BANK0 ] unsigned char 
 Registers used:
		wreg, status,2, status,0, btemp+1
 Tracked objects:
		On entry : 
		On exit  : 
		Unchanged: 
 Data sizes:     COMMON   BANK0   BANK1   BANK3   BANK2
      Params:         0       8       0       0       0
      Locals:         0       4       0       0       0
      Temps:          0       8       0       0       0
      Totals:         0      20       0       0       0
Total ram usage:       20 bytes
 Hardware stack levels used:    1
 Hardware stack levels required when called:    1
 This function calls:
		Nothing
 This function is called by:
		_sprintf
		___flsub
 This function uses a non-reentrant model


 *************** function ___flneg *****************
 Defined at:
		line 15 in file "C:\Program Files\Microchip\xc8\v2.31\pic\sources\c90\common\flneg.c"
 Parameters:    Size  Location     Type
  f1              4    2[COMMON] unsigned char 
 Auto vars:     Size  Location     Type
		None
 Return value:  Size  Location     Type
                  4    2[COMMON] unsigned char 
 Registers used:
		wreg
 Tracked objects:
		On entry : 
		On exit  : 
		Unchanged: 
 Data sizes:     COMMON   BANK0   BANK1   BANK3   BANK2
      Params:         4       0       0       0       0
      Locals:         0       0       0       0       0
      Temps:          0       0       0       0       0
      Totals:         4       0       0       0       0
Total ram usage:        4 bytes
 Hardware stack levels used:    1
 Hardware stack levels required when called:    1
 This function calls:
		Nothing
 This function is called by:
		_sprintf
 This function uses a non-reentrant model


 *************** function ___flge *****************
 Defined at:
		line 4 in file "C:\Program Files\Microchip\xc8\v2.31\pic\sources\c90\common\flge.c"
 Parameters:    Size  Location     Type
  ff1             4    2[COMMON] unsigned char 
  ff2             4    6[COMMON] unsigned char 
 Auto vars:     Size  Location     Type
		None
 Return value:  Size  Location     Type
		None               void
 Registers used:
		wreg, status,2, status,0
 Tracked objects:
		On entry : 
		On exit  : 
		Unchanged: 
 Data sizes:     COMMON   BANK0   BANK1   BANK3   BANK2
      Params:         8       0       0       0       0
      Locals:         0       0       0       0       0
      Temps:          0       4       0       0       0
      Totals:         8       4       0       0       0
Total ram usage:       12 bytes
 Hardware stack levels used:    1
 Hardware stack levels required when called:    1
 This function calls:
		Nothing
 This function is called by:
		_sprintf
 This function uses a non-reentrant model


 *************** function ___fleq *****************
 Defined at:
		line 4 in file "C:\Program Files\Microchip\xc8\v2.31\pic\sources\c90\common\fleq.c"
 Parameters:    Size  Location     Type
  ff1             4    2[COMMON] unsigned char 
  ff2             4    6[COMMON] unsigned char 
 Auto vars:     Size  Location     Type
		None
 Return value:  Size  Location     Type
		None               void
 Registers used:
		wreg, status,2, status,0
 Tracked objects:
		On entry : 
		On exit  : 
		Unchanged: 
 Data sizes:     COMMON   BANK0   BANK1   BANK3   BANK2
      Params:         8       0       0       0       0
      Locals:         0       0       0       0       0
      Temps:          0       4       0       0       0
      Totals:         8       4       0       0       0
Total ram usage:       12 bytes
 Hardware stack levels used:    1
 Hardware stack levels required when called:    1
 This function calls:
		Nothing
 This function is called by:
		_sprintf
 This function uses a non-reentrant model


 *************** function _cadena_caracteres *****************
 Defined at:
		line 28 in file "UARTP_Master.c"
 Parameters:    Size  Location     Type
  st              1    wreg     PTR unsigned char 
		 -> s(20), 
 Auto vars:     Size  Location     Type
  st              1    6[COMMON] PTR unsigned char 
		 -> s(20), 
  i               2    4[COMMON] int 
 Return value:  Size  Location     Type
                  1    wreg      void 
 Registers used:
		wreg, fsr0l, fsr0h, status,2, status,0, pclath, cstack
 Tracked objects:
		On entry : 
		On exit  : 
		Unchanged: 
 Data sizes:     COMMON   BANK0   BANK1   BANK3   BANK2
      Params:         0       0       0       0       0
      Locals:         3       0       0       0       0
      Temps:          1       0       0       0       0
      Totals:         4       0       0       0       0
Total ram usage:        4 bytes
 Hardware stack levels used:    1
 Hardware stack levels required when called:    2
 This function calls:
		_Envio_caracter
 This function is called by:
		_valorsensores
 This function uses a non-reentrant model


 *************** function _Envio_caracter *****************
 Defined at:
		line 22 in file "UARTP_Master.c"
 Parameters:    Size  Location     Type
  caracter        1    wreg     unsigned char 
 Auto vars:     Size  Location     Type
  caracter        1    2[COMMON] unsigned char 
 Return value:  Size  Location     Type
                  1    wreg      void 
 Registers used:
		wreg
 Tracked objects:
		On entry : 
		On exit  : 
		Unchanged: 
 Data sizes:     COMMON   BANK0   BANK1   BANK3   BANK2
      Params:         0       0       0       0       0
      Locals:         1       0       0       0       0
      Temps:          0       0       0       0       0
      Totals:         1       0       0       0       0
Total ram usage:        1 bytes
 Hardware stack levels used:    1
 Hardware stack levels required when called:    1
 This function calls:
		Nothing
 This function is called by:
		_cadena_caracteres
 This function uses a non-reentrant model


 *************** function _setup *****************
 Defined at:
		line 124 in file "main_proyectoMaster.c"
 Parameters:    Size  Location     Type
		None
 Auto vars:     Size  Location     Type
		None
 Return value:  Size  Location     Type
                  1    wreg      void 
 Registers used:
		wreg, status,2, status,0, pclath, cstack
 Tracked objects:
		On entry : 
		On exit  : 
		Unchanged: 
 Data sizes:     COMMON   BANK0   BANK1   BANK3   BANK2
      Params:         0       0       0       0       0
      Locals:         0       0       0       0       0
      Temps:          0       0       0       0       0
      Totals:         0       0       0       0       0
Total ram usage:        0 bytes
 Hardware stack levels used:    1
 Hardware stack levels required when called:    3
 This function calls:
		_I2C_Master_Init
		_configuracionUART
 This function is called by:
		_main
 This function uses a non-reentrant model


 *************** function _configuracionUART *****************
 Defined at:
		line 156 in file "main_proyectoMaster.c"
 Parameters:    Size  Location     Type
		None
 Auto vars:     Size  Location     Type
		None
 Return value:  Size  Location     Type
                  1    wreg      void 
 Registers used:
		wreg, status,2
 Tracked objects:
		On entry : 
		On exit  : 
		Unchanged: 
 Data sizes:     COMMON   BANK0   BANK1   BANK3   BANK2
      Params:         0       0       0       0       0
      Locals:         0       0       0       0       0
      Temps:          0       0       0       0       0
      Totals:         0       0       0       0       0
Total ram usage:        0 bytes
 Hardware stack levels used:    1
 Hardware stack levels required when called:    1
 This function calls:
		Nothing
 This function is called by:
		_setup
 This function uses a non-reentrant model


 *************** function _I2C_Master_Init *****************
 Defined at:
		line 9 in file "I2CP_Master.c"
 Parameters:    Size  Location     Type
  c               4    5[BANK0 ] const unsigned long 
 Auto vars:     Size  Location     Type
		None
 Return value:  Size  Location     Type
                  1    wreg      void 
 Registers used:
		wreg, status,2, status,0, pclath, cstack
 Tracked objects:
		On entry : 
		On exit  : 
		Unchanged: 
 Data sizes:     COMMON   BANK0   BANK1   BANK3   BANK2
      Params:         0       4       0       0       0
      Locals:         0       0       0       0       0
      Temps:          0       4       0       0       0
      Totals:         0       8       0       0       0
Total ram usage:        8 bytes
 Hardware stack levels used:    1
 Hardware stack levels required when called:    2
 This function calls:
		___lldiv
 This function is called by:
		_setup
 This function uses a non-reentrant model


 *************** function ___lldiv *****************
 Defined at:
		line 5 in file "C:\Program Files\Microchip\xc8\v2.31\pic\sources\c90\common\__lldiv.c"
 Parameters:    Size  Location     Type
  divisor         4    2[COMMON] unsigned long 
  dividend        4    6[COMMON] unsigned long 
 Auto vars:     Size  Location     Type
  quotient        4    0[BANK0 ] unsigned long 
  counter         1    4[BANK0 ] unsigned char 
 Return value:  Size  Location     Type
                  4    2[COMMON] unsigned long 
 Registers used:
		wreg, status,2, status,0
 Tracked objects:
		On entry : 
		On exit  : 
		Unchanged: 
 Data sizes:     COMMON   BANK0   BANK1   BANK3   BANK2
      Params:         8       0       0       0       0
      Locals:         0       5       0       0       0
      Temps:          1       0       0       0       0
      Totals:         9       5       0       0       0
Total ram usage:       14 bytes
 Hardware stack levels used:    1
 Hardware stack levels required when called:    1
 This function calls:
		Nothing
 This function is called by:
		_I2C_Master_Init
		_sprintf
 This function uses a non-reentrant model


 *************** function _com_master *****************
 Defined at:
		line 171 in file "main_proyectoMaster.c"
 Parameters:    Size  Location     Type
		None
 Auto vars:     Size  Location     Type
		None
 Return value:  Size  Location     Type
                  1    wreg      void 
 Registers used:
		wreg, status,2, status,0, pclath, cstack
 Tracked objects:
		On entry : 
		On exit  : 
		Unchanged: 
 Data sizes:     COMMON   BANK0   BANK1   BANK3   BANK2
      Params:         0       0       0       0       0
      Locals:         0       0       0       0       0
      Temps:          3       0       0       0       0
      Totals:         3       0       0       0       0
Total ram usage:        3 bytes
 Hardware stack levels used:    1
 Hardware stack levels required when called:    3
 This function calls:
		_I2C_Master_Read
		_I2C_Master_Start
		_I2C_Master_Stop
		_I2C_Master_Write
 This function is called by:
		_main
 This function uses a non-reentrant model


 *************** function _I2C_Master_Write *****************
 Defined at:
		line 58 in file "I2CP_Master.c"
 Parameters:    Size  Location     Type
  d               2    2[COMMON] unsigned int 
 Auto vars:     Size  Location     Type
		None
 Return value:  Size  Location     Type
                  1    wreg      void 
 Registers used:
		wreg, status,2, status,0, pclath, cstack
 Tracked objects:
		On entry : 
		On exit  : 
		Unchanged: 
 Data sizes:     COMMON   BANK0   BANK1   BANK3   BANK2
      Params:         2       0       0       0       0
      Locals:         0       0       0       0       0
      Temps:          0       0       0       0       0
      Totals:         2       0       0       0       0
Total ram usage:        2 bytes
 Hardware stack levels used:    1
 Hardware stack levels required when called:    2
 This function calls:
		_I2C_Master_Wait
 This function is called by:
		_com_master
 This function uses a non-reentrant model


 *************** function _I2C_Master_Stop *****************
 Defined at:
		line 48 in file "I2CP_Master.c"
 Parameters:    Size  Location     Type
		None
 Auto vars:     Size  Location     Type
		None
 Return value:  Size  Location     Type
                  1    wreg      void 
 Registers used:
		wreg, status,2, status,0, pclath, cstack
 Tracked objects:
		On entry : 
		On exit  : 
		Unchanged: 
 Data sizes:     COMMON   BANK0   BANK1   BANK3   BANK2
      Params:         0       0       0       0       0
      Locals:         0       0       0       0       0
      Temps:          0       0       0       0       0
      Totals:         0       0       0       0       0
Total ram usage:        0 bytes
 Hardware stack levels used:    1
 Hardware stack levels required when called:    2
 This function calls:
		_I2C_Master_Wait
 This function is called by:
		_com_master
 This function uses a non-reentrant model


 *************** function _I2C_Master_Start *****************
 Defined at:
		line 32 in file "I2CP_Master.c"
 Parameters:    Size  Location     Type
		None
 Auto vars:     Size  Location     Type
		None
 Return value:  Size  Location     Type
                  1    wreg      void 
 Registers used:
		wreg, status,2, status,0, pclath, cstack
 Tracked objects:
		On entry : 
		On exit  : 
		Unchanged: 
 Data sizes:     COMMON   BANK0   BANK1   BANK3   BANK2
      Params:         0       0       0       0       0
      Locals:         0       0       0       0       0
      Temps:          0       0       0       0       0
      Totals:         0       0       0       0       0
Total ram usage:        0 bytes
 Hardware stack levels used:    1
 Hardware stack levels required when called:    2
 This function calls:
		_I2C_Master_Wait
 This function is called by:
		_com_master
 This function uses a non-reentrant model


 *************** function _I2C_Master_Read *****************
 Defined at:
		line 67 in file "I2CP_Master.c"
 Parameters:    Size  Location     Type
  a               2    2[COMMON] unsigned short 
 Auto vars:     Size  Location     Type
  temp            2    6[COMMON] unsigned short 
 Return value:  Size  Location     Type
                  2    2[COMMON] unsigned short 
 Registers used:
		wreg, status,2, status,0, pclath, cstack
 Tracked objects:
		On entry : 
		On exit  : 
		Unchanged: 
 Data sizes:     COMMON   BANK0   BANK1   BANK3   BANK2
      Params:         2       0       0       0       0
      Locals:         2       0       0       0       0
      Temps:          2       0       0       0       0
      Totals:         6       0       0       0       0
Total ram usage:        6 bytes
 Hardware stack levels used:    1
 Hardware stack levels required when called:    2
 This function calls:
		_I2C_Master_Wait
 This function is called by:
		_com_master
 This function uses a non-reentrant model


 *************** function _I2C_Master_Wait *****************
 Defined at:
		line 25 in file "I2CP_Master.c"
 Parameters:    Size  Location     Type
		None
 Auto vars:     Size  Location     Type
		None
 Return value:  Size  Location     Type
                  1    wreg      void 
 Registers used:
		wreg, status,2
 Tracked objects:
		On entry : 
		On exit  : 
		Unchanged: 
 Data sizes:     COMMON   BANK0   BANK1   BANK3   BANK2
      Params:         0       0       0       0       0
      Locals:         0       0       0       0       0
      Temps:          0       0       0       0       0
      Totals:         0       0       0       0       0
Total ram usage:        0 bytes
 Hardware stack levels used:    1
 Hardware stack levels required when called:    1
 This function calls:
		Nothing
 This function is called by:
		_I2C_Master_Start
		_I2C_Master_Stop
		_I2C_Master_Write
		_I2C_Master_Read
		_I2C_Master_RepeatedStart
 This function uses a non-reentrant model


 *************** function _Lcd_Write_String *****************
 Defined at:
		line 76 in file "LCDP_Master.c"
 Parameters:    Size  Location     Type
  a               2    4[COMMON] PTR unsigned char 
		 -> STR_7(5), STR_6(5), STR_5(5), s(20), 
 Auto vars:     Size  Location     Type
  i               2    9[COMMON] int 
 Return value:  Size  Location     Type
                  1    wreg      void 
 Registers used:
		wreg, fsr0l, fsr0h, status,2, status,0, btemp+1, pclath, cstack
 Tracked objects:
		On entry : 
		On exit  : 
		Unchanged: 
 Data sizes:     COMMON   BANK0   BANK1   BANK3   BANK2
      Params:         2       0       0       0       0
      Locals:         2       0       0       0       0
      Temps:          3       0       0       0       0
      Totals:         7       0       0       0       0
Total ram usage:        7 bytes
 Hardware stack levels used:    1
 Hardware stack levels required when called:    2
 This function calls:
		_Lcd_Write_Char
 This function is called by:
		_main
 This function uses a non-reentrant model


 *************** function _Lcd_Write_Char *****************
 Defined at:
		line 68 in file "LCDP_Master.c"
 Parameters:    Size  Location     Type
  a               1    wreg     unsigned char 
 Auto vars:     Size  Location     Type
  a               1    3[COMMON] unsigned char 
 Return value:  Size  Location     Type
                  1    wreg      void 
 Registers used:
		wreg
 Tracked objects:
		On entry : 
		On exit  : 
		Unchanged: 
 Data sizes:     COMMON   BANK0   BANK1   BANK3   BANK2
      Params:         0       0       0       0       0
      Locals:         1       0       0       0       0
      Temps:          1       0       0       0       0
      Totals:         2       0       0       0       0
Total ram usage:        2 bytes
 Hardware stack levels used:    1
 Hardware stack levels required when called:    1
 This function calls:
		Nothing
 This function is called by:
		_Lcd_Write_String
 This function uses a non-reentrant model


 *************** function _Lcd_Set_Cursor *****************
 Defined at:
		line 47 in file "LCDP_Master.c"
 Parameters:    Size  Location     Type
  a               1    wreg     unsigned char 
  b               1    5[COMMON] unsigned char 
 Auto vars:     Size  Location     Type
  a               1    7[COMMON] unsigned char 
  temp            1    8[COMMON] unsigned char 
  y               1    0        unsigned char 
  z               1    0        unsigned char 
 Return value:  Size  Location     Type
                  1    wreg      void 
 Registers used:
		wreg, status,2, status,0, pclath, cstack
 Tracked objects:
		On entry : 
		On exit  : 
		Unchanged: 
 Data sizes:     COMMON   BANK0   BANK1   BANK3   BANK2
      Params:         1       0       0       0       0
      Locals:         2       0       0       0       0
      Temps:          1       0       0       0       0
      Totals:         4       0       0       0       0
Total ram usage:        4 bytes
 Hardware stack levels used:    1
 Hardware stack levels required when called:    2
 This function calls:
		_Lcd_Cmd
 This function is called by:
		_main
 This function uses a non-reentrant model


 *************** function _Lcd_Init *****************
 Defined at:
		line 83 in file "LCDP_Master.c"
 Parameters:    Size  Location     Type
		None
 Auto vars:     Size  Location     Type
		None
 Return value:  Size  Location     Type
                  1    wreg      void 
 Registers used:
		wreg, status,2, status,0, pclath, cstack
 Tracked objects:
		On entry : 
		On exit  : 
		Unchanged: 
 Data sizes:     COMMON   BANK0   BANK1   BANK3   BANK2
      Params:         0       0       0       0       0
      Locals:         0       0       0       0       0
      Temps:          2       0       0       0       0
      Totals:         2       0       0       0       0
Total ram usage:        2 bytes
 Hardware stack levels used:    1
 Hardware stack levels required when called:    2
 This function calls:
		_Lcd_Cmd
 This function is called by:
		_main
 This function uses a non-reentrant model


 *************** function _Lcd_Cmd *****************
 Defined at:
		line 33 in file "LCDP_Master.c"
 Parameters:    Size  Location     Type
  a               1    wreg     unsigned char 
 Auto vars:     Size  Location     Type
  a               1    4[COMMON] unsigned char 
 Return value:  Size  Location     Type
                  1    wreg      void 
 Registers used:
		wreg
 Tracked objects:
		On entry : 
		On exit  : 
		Unchanged: 
 Data sizes:     COMMON   BANK0   BANK1   BANK3   BANK2
      Params:         0       0       0       0       0
      Locals:         1       0       0       0       0
      Temps:          2       0       0       0       0
      Totals:         3       0       0       0       0
Total ram usage:        3 bytes
 Hardware stack levels used:    1
 Hardware stack levels required when called:    1
 This function calls:
		Nothing
 This function is called by:
		_Lcd_Set_Cursor
		_Lcd_Init
		_Lcd_Clear
		_Lcd_Shift_Right
		_Lcd_Shift_Left
 This function uses a non-reentrant model


 *************** function _isr *****************
 Defined at:
		line 52 in file "main_proyectoMaster.c"
 Parameters:    Size  Location     Type
		None
 Auto vars:     Size  Location     Type
		None
 Return value:  Size  Location     Type
                  1    wreg      void 
 Registers used:
		wreg, status,2, status,0
 Tracked objects:
		On entry : 
		On exit  : 
		Unchanged: 
 Data sizes:     COMMON   BANK0   BANK1   BANK3   BANK2
      Params:         0       0       0       0       0
      Locals:         0       0       0       0       0
      Temps:          2       0       0       0       0
      Totals:         2       0       0       0       0
Total ram usage:        2 bytes
 Hardware stack levels used:    1
 This function calls:
		Nothing
 This function is called by:
		Interrupt level 1
 This function uses a non-reentrant model



MODULE INFORMATION

Module		Function		Class		Link	Load	Size
C:\Program Files\Microchip\xc8\v2.31\pic\sources\c90\common\flneg.c
		___flneg       		CODE           	193C	0000	11

C:\Program Files\Microchip\xc8\v2.31\pic\sources\c90\common\flneg.c estimated size: 11

C:\Program Files\Microchip\xc8\v2.31\pic\sources\c90\common\flge.c
		___flge        		CODE           	10FB	0000	164

C:\Program Files\Microchip\xc8\v2.31\pic\sources\c90\common\flge.c estimated size: 164

C:\Program Files\Microchip\xc8\v2.31\pic\sources\c90\common\sprcmul.c
		___flmul       		CODE           	093C	0000	865

C:\Program Files\Microchip\xc8\v2.31\pic\sources\c90\common\sprcmul.c estimated size: 865

C:\Program Files\Microchip\xc8\v2.31\pic\sources\c90\common\__lldiv.c
		___lldiv       		CODE           	1D3A	0000	104

C:\Program Files\Microchip\xc8\v2.31\pic\sources\c90\common\__lldiv.c estimated size: 104

C:\Program Files\Microchip\xc8\v2.31\pic\sources\c90\common\Umul8_16.c
		__Umul8_16     		CODE           	1A19	0000	39

C:\Program Files\Microchip\xc8\v2.31\pic\sources\c90\common\Umul8_16.c estimated size: 39

C:\Program Files\Microchip\xc8\v2.31\pic\sources\c90\common\doprnt.c
		_scale         		CODE           	0C9D	0000	867
		_sprintf       		CODE           	0026	0000	1962
		_fround        		CODE           	136B	0000	525

C:\Program Files\Microchip\xc8\v2.31\pic\sources\c90\common\doprnt.c estimated size: 3354

C:\Program Files\Microchip\xc8\v2.31\pic\sources\c90\common\ftdivl.c
		__tdiv_to_l_   		CODE           	1F43	0000	189

C:\Program Files\Microchip\xc8\v2.31\pic\sources\c90\common\ftdivl.c estimated size: 189

I2CP_Master.c
		_I2C_Master_Read		CODE           	07D0	0000	46
		_I2C_Master_Wait		CODE           	1947	0000	13
		_I2C_Master_Init		CODE           	1AA7	0000	56
		_I2C_Master_Stop		CODE           	10F2	0000	9
		_I2C_Master_Write		CODE           	1928	0000	10
		_I2C_Master_Start		CODE           	191F	0000	9

I2CP_Master.c estimated size: 143

C:\Program Files\Microchip\xc8\v2.31\pic\sources\c90\common\lwmod.c
		___lwmod       		CODE           	1ADF	0000	58

C:\Program Files\Microchip\xc8\v2.31\pic\sources\c90\common\lwmod.c estimated size: 58

C:\Program Files\Microchip\xc8\v2.31\pic\sources\c90\common\awmod.c
		___awmod       		CODE           	1CE1	0000	89

C:\Program Files\Microchip\xc8\v2.31\pic\sources\c90\common\awmod.c estimated size: 89

C:\Program Files\Microchip\xc8\v2.31\pic\sources\c90\common\Umul16.c
		___wmul        		CODE           	19CE	0000	37

C:\Program Files\Microchip\xc8\v2.31\pic\sources\c90\common\Umul16.c estimated size: 37

UARTP_Master.c
		_cadena_caracteres		CODE           	1989	0000	33
		_valorsensores 		CODE           	1BA1	0000	74
		_Envio_caracter		CODE           	1932	0000	10

UARTP_Master.c estimated size: 117

C:\Program Files\Microchip\xc8\v2.31\pic\sources\c90\common\llmod.c
		___llmod       		CODE           	1C8B	0000	86

C:\Program Files\Microchip\xc8\v2.31\pic\sources\c90\common\llmod.c estimated size: 86

C:\Program Files\Microchip\xc8\v2.31\pic\sources\c90\common\isdigit.c
		_isdigit       		CODE           	1963	0000	18

C:\Program Files\Microchip\xc8\v2.31\pic\sources\c90\common\isdigit.c estimated size: 18

C:\Program Files\Microchip\xc8\v2.31\pic\sources\c90\common\sprcadd.c
		___flsub       		CODE           	1C3B	0000	80
		___fladd       		CODE           	1578	0000	648

C:\Program Files\Microchip\xc8\v2.31\pic\sources\c90\common\sprcadd.c estimated size: 728

C:\Program Files\Microchip\xc8\v2.31\pic\sources\c90\common\fleq.c
		___fleq        		CODE           	1BEB	0000	80

C:\Program Files\Microchip\xc8\v2.31\pic\sources\c90\common\fleq.c estimated size: 80

LCDP_Master.c
		_Lcd_Write_String		CODE           	1B19	0000	66
		_Lcd_Init      		CODE           	1A72	0000	53
		_Lcd_Write_Char		CODE           	1954	0000	15
		_Lcd_Cmd       		CODE           	1975	0000	20
		_Lcd_Set_Cursor		CODE           	19AA	0000	36

LCDP_Master.c estimated size: 190

C:\Program Files\Microchip\xc8\v2.31\pic\sources\c90\common\fldivl.c
		__div_to_l_    		CODE           	119F	0000	190

C:\Program Files\Microchip\xc8\v2.31\pic\sources\c90\common\fldivl.c estimated size: 190

C:\Program Files\Microchip\xc8\v2.31\pic\sources\c90\common\lwdiv.c
		___lwdiv       		CODE           	1B5B	0000	70

C:\Program Files\Microchip\xc8\v2.31\pic\sources\c90\common\lwdiv.c estimated size: 70

C:\Program Files\Microchip\xc8\v2.31\pic\sources\c90\common\awdiv.c
		___awdiv       		CODE           	1DA2	0000	105

C:\Program Files\Microchip\xc8\v2.31\pic\sources\c90\common\awdiv.c estimated size: 105

main_proyectoMaster.c
		_main          		CODE           	0818	0000	292
		_isr           		CODE           	19F3	0000	38
		_com_master    		CODE           	125D	0000	270
		_configuracionUART		CODE           	0803	0000	21
		_setup         		CODE           	1A40	0000	50

main_proyectoMaster.c estimated size: 671

shared
		__stringtab    		STRING         	1000	0000	16
		__powers_      		STRING         	1010	0000	52
		_dpowers       		STRING         	1078	0000	40
		__npowers_     		STRING         	1044	0000	52
		__initialization		CODE           	000F	0000	19

shared estimated size: 179

C:\Program Files\Microchip\xc8\v2.31\pic\sources\c90\common\fltol.c
		___fltol       		CODE           	1E0B	0000	124

C:\Program Files\Microchip\xc8\v2.31\pic\sources\c90\common\fltol.c estimated size: 124

C:\Program Files\Microchip\xc8\v2.31\pic\sources\c90\common\xxtofl.c
		___xxtofl      		CODE           	1E87	0000	188

C:\Program Files\Microchip\xc8\v2.31\pic\sources\c90\common\xxtofl.c estimated size: 188

